10:21:53 [types] Generated 73ms
10:21:53 [build] output: "static"
10:21:53 [build] directory: C:\Users\PM_User\Documents\quaniq\dist\
10:21:53 [build] Collecting build info...
10:21:53 [build] Γ£ô Completed in 133ms.
10:21:53 [build] Building static entrypoints...
node.exe : 10:21:53 
[ERROR] [vite] 
[31mx[39m Build 
failed in 251ms
At line:1 char:1
+ & "C:\Program 
Files\nodejs/node.exe" 
"C:\Program 
Files\nodejs/node_mo 
...
+ ~~~~~~~~~~~~~~~~~~~~~
~~~~~~~~~~~~~~~~~~~~~~~
~~~~~~~~~~~~~~~~~~~~~~~
~~
    + CategoryInfo     
         : NotSpecifi  
  ed: (10:21:53 [ERR   
 OR...failed in 251    
ms:String) [], Rem    
oteException
    + FullyQualifiedEr 
   rorId : NativeComm  
  andError
 
Syntax error "o"
  Location:
    C:/Users/PM_User/Do
cuments/quaniq/src/page
s/index.astro:36:28
  Stack trace:
    at 
failureErrorWithLog (C:
\Users\PM_User\Document
s\quaniq\node_modules\e
sbuild\lib\main.js:1472
:15)
    at responseCallback
s.<computed> (C:\Users\
PM_User\Documents\quani
q\node_modules\esbuild\
lib\main.js:622:9)
    at 
Socket.readFromStdout (
C:\Users\PM_User\Docume
nts\quaniq\node_modules
\esbuild\lib\main.js:60
0:7)
    at addChunk (node:i
nternal/streams/readabl
e:559:12)
    at Readable.push (n
ode:internal/streams/re
adable:390:5)
